       benchmark-4490  [002]   367.795684: sched_wakeup:         fwupd:4471 [120] CPU:002
       benchmark-4490  [002]   367.795689: sched_switch:         benchmark:4490 [120] R ==> fwupd:4471 [120]
           fwupd-4471  [002]   367.795698: sched_switch:         fwupd:4471 [120] D ==> benchmark:4490 [120]
           snapd-1296  [000]   367.795754: sched_wakeup:         snapd:1011 [120] CPU:000
           snapd-1296  [000]   367.795758: sched_switch:         snapd:1296 [120] R ==> snapd:1011 [120]
           snapd-1011  [000]   367.795770: sched_switch:         snapd:1011 [120] S ==> snapd:1296 [120]
       benchmark-4490  [002]   367.795785: sched_wakeup:         fwupd:4471 [120] CPU:002
       benchmark-4490  [002]   367.795790: sched_switch:         benchmark:4490 [120] R ==> fwupd:4471 [120]
           fwupd-4471  [002]   367.795800: sched_switch:         fwupd:4471 [120] D ==> benchmark:4490 [120]
          <idle>-0     [001]   367.795853: sched_wakeup:         snapd:1011 [120] CPU:001
          <idle>-0     [001]   367.795857: sched_switch:         swapper/1:0 [120] R ==> snapd:1011 [120]
           snapd-1011  [001]   367.795880: sched_switch:         snapd:1011 [120] S ==> swapper/1:0 [120]
          <idle>-0     [001]   367.795944: sched_wakeup:         snapd:1011 [120] CPU:001
          <idle>-0     [001]   367.795950: sched_switch:         swapper/1:0 [120] R ==> snapd:1011 [120]
           snapd-1011  [001]   367.795962: sched_switch:         snapd:1011 [120] S ==> swapper/1:0 [120]
          <idle>-0     [001]   367.796032: sched_wakeup:         snapd:1011 [120] CPU:001
          <idle>-0     [001]   367.796037: sched_switch:         swapper/1:0 [120] R ==> snapd:1011 [120]
           snapd-1011  [001]   367.796048: sched_switch:         snapd:1011 [120] S ==> swapper/1:0 [120]
          <idle>-0     [001]   367.796118: sched_wakeup:         snapd:1011 [120] CPU:001
       benchmark-4490  [002]   367.796120: sched_wakeup:         fwupd:4471 [120] CPU:002
          <idle>-0     [001]   367.796123: sched_switch:         swapper/1:0 [120] R ==> snapd:1011 [120]
       benchmark-4490  [002]   367.796126: sched_switch:         benchmark:4490 [120] R ==> fwupd:4471 [120]
           snapd-1011  [001]   367.796140: sched_switch:         snapd:1011 [120] S ==> swapper/1:0 [120]
           fwupd-4471  [002]   367.796141: sched_switch:         fwupd:4471 [120] D ==> benchmark:4490 [120]
       benchmark-4490  [002]   367.796160: sched_wakeup:         fwupd:4471 [120] CPU:002
       benchmark-4490  [002]   367.796166: sched_switch:         benchmark:4490 [120] R ==> fwupd:4471 [120]
           fwupd-4471  [002]   367.796175: sched_switch:         fwupd:4471 [120] D ==> benchmark:4490 [120]
          <idle>-0     [001]   367.796205: sched_wakeup:         snapd:1011 [120] CPU:001
          <idle>-0     [001]   367.796210: sched_switch:         swapper/1:0 [120] R ==> snapd:1011 [120]
       benchmark-4490  [002]   367.796216: sched_wakeup:         fwupd:4471 [120] CPU:002
       benchmark-4490  [002]   367.796221: sched_switch:         benchmark:4490 [120] R ==> fwupd:4471 [120]
           snapd-1011  [001]   367.796230: sched_switch:         snapd:1011 [120] S ==> swapper/1:0 [120]
           fwupd-4471  [002]   367.796232: sched_switch:         fwupd:4471 [120] D ==> benchmark:4490 [120]
          <idle>-0     [001]   367.796292: sched_wakeup:         snapd:1011 [120] CPU:001
          <idle>-0     [001]   367.796297: sched_switch:         swapper/1:0 [120] R ==> snapd:1011 [120]
       benchmark-4490  [002]   367.796312: sched_wakeup:         fwupd:4471 [120] CPU:002
           snapd-1011  [001]   367.796312: sched_switch:         snapd:1011 [120] S ==> swapper/1:0 [120]
       benchmark-4490  [002]   367.796319: sched_switch:         benchmark:4490 [120] R ==> fwupd:4471 [120]
           fwupd-4471  [002]   367.796328: sched_switch:         fwupd:4471 [120] D ==> benchmark:4490 [120]
          <idle>-0     [001]   367.796379: sched_wakeup:         snapd:1011 [120] CPU:001
          <idle>-0     [001]   367.796384: sched_switch:         swapper/1:0 [120] R ==> snapd:1011 [120]
           snapd-1011  [001]   367.796401: sched_switch:         snapd:1011 [120] S ==> swapper/1:0 [120]
          <idle>-0     [001]   367.796444: sched_wakeup:         snapd:1157 [120] CPU:001
          <idle>-0     [001]   367.796448: sched_switch:         swapper/1:0 [120] R ==> snapd:1157 [120]
           snapd-1157  [001]   367.796469: sched_wakeup:         snapd:1011 [120] CPU:001
           snapd-1157  [001]   367.796476: sched_switch:         snapd:1157 [120] S ==> snapd:1011 [120]
       benchmark-4490  [002]   367.796489: sched_wakeup:         fwupd:4471 [120] CPU:002
           snapd-1011  [001]   367.796494: sched_switch:         snapd:1011 [120] S ==> swapper/1:0 [120]
       benchmark-4490  [002]   367.796497: sched_switch:         benchmark:4490 [120] R ==> fwupd:4471 [120]
           fwupd-4471  [002]   367.796506: sched_switch:         fwupd:4471 [120] D ==> benchmark:4490 [120]
          <idle>-0     [001]   367.796519: sched_wakeup:         snapd:1157 [120] CPU:001
          <idle>-0     [001]   367.796524: sched_wakeup:         snapd:1011 [120] CPU:001
          <idle>-0     [001]   367.796529: sched_switch:         swapper/1:0 [120] R ==> snapd:1157 [120]
           snapd-1157  [001]   367.796548: sched_wakeup:         snapd:1201 [120] CPU:000
           snapd-1296  [000]   367.796554: sched_switch:         snapd:1296 [120] R ==> snapd:1201 [120]
           snapd-1201  [000]   367.796576: sched_switch:         snapd:1201 [120] S ==> snapd:1296 [120]
           snapd-1157  [001]   367.796598: sched_switch:         snapd:1157 [120] S ==> snapd:1011 [120]
           snapd-1011  [001]   367.796616: sched_switch:         snapd:1011 [120] S ==> swapper/1:0 [120]
          <idle>-0     [001]   367.796681: sched_wakeup:         snapd:1011 [120] CPU:001
          <idle>-0     [001]   367.796686: sched_switch:         swapper/1:0 [120] R ==> snapd:1011 [120]
           snapd-1011  [001]   367.796699: sched_switch:         snapd:1011 [120] S ==> swapper/1:0 [120]
          <idle>-0     [001]   367.796768: sched_wakeup:         snapd:1011 [120] CPU:001
          <idle>-0     [001]   367.796773: sched_switch:         swapper/1:0 [120] R ==> snapd:1011 [120]
       benchmark-4490  [002]   367.796785: sched_wakeup:         fwupd:4471 [120] CPU:002
       benchmark-4490  [002]   367.796790: sched_switch:         benchmark:4490 [120] R ==> fwupd:4471 [120]
           snapd-1011  [001]   367.796804: sched_switch:         snapd:1011 [120] S ==> swapper/1:0 [120]
           fwupd-4471  [002]   367.796830: sched_switch:         fwupd:4471 [120] D ==> benchmark:4490 [120]
       benchmark-4490  [002]   367.796848: sched_wakeup:         fwupd:4471 [120] CPU:002
       benchmark-4490  [002]   367.796853: sched_switch:         benchmark:4490 [120] R ==> fwupd:4471 [120]
           fwupd-4471  [002]   367.796862: sched_switch:         fwupd:4471 [120] D ==> benchmark:4490 [120]
          <idle>-0     [001]   367.796867: sched_wakeup:         snapd:1011 [120] CPU:001
          <idle>-0     [001]   367.796872: sched_switch:         swapper/1:0 [120] R ==> snapd:1011 [120]
           snapd-1011  [001]   367.796888: sched_switch:         snapd:1011 [120] S ==> swapper/1:0 [120]
       benchmark-4490  [002]   367.796902: sched_wakeup:         fwupd:4471 [120] CPU:002
       benchmark-4490  [002]   367.796907: sched_switch:         benchmark:4490 [120] R ==> fwupd:4471 [120]
           fwupd-4471  [002]   367.796916: sched_switch:         fwupd:4471 [120] D ==> benchmark:4490 [120]
          <idle>-0     [001]   367.796954: sched_wakeup:         snapd:1011 [120] CPU:001
          <idle>-0     [001]   367.796974: sched_wakeup:         cp:4475 [120] CPU:001
          <idle>-0     [001]   367.796993: sched_switch:         swapper/1:0 [120] R ==> snapd:1011 [120]
       benchmark-4490  [002]   367.796997: sched_wakeup:         fwupd:4471 [120] CPU:002
       benchmark-4490  [002]   367.797002: sched_switch:         benchmark:4490 [120] R ==> fwupd:4471 [120]
           snapd-1011  [001]   367.797005: sched_switch:         snapd:1011 [120] S ==> cp:4475 [120]
           fwupd-4471  [002]   367.797011: sched_switch:         fwupd:4471 [120] D ==> benchmark:4490 [120]
              cp-4475  [001]   367.797077: sched_wakeup:         snapd:1011 [120] CPU:001
       benchmark-4490  [002]   367.797172: sched_wakeup:         fwupd:4471 [120] CPU:002
       benchmark-4490  [002]   367.797177: sched_switch:         benchmark:4490 [120] R ==> fwupd:4471 [120]
           fwupd-4471  [002]   367.797186: sched_switch:         fwupd:4471 [120] D ==> benchmark:4490 [120]
       benchmark-4490  [002]   367.797508: sched_wakeup:         fwupd:4471 [120] CPU:002
       benchmark-4490  [002]   367.797514: sched_switch:         benchmark:4490 [120] R ==> fwupd:4471 [120]
           fwupd-4471  [002]   367.797529: sched_switch:         fwupd:4471 [120] D ==> benchmark:4490 [120]
       benchmark-4490  [002]   367.797549: sched_wakeup:         fwupd:4471 [120] CPU:002
       benchmark-4490  [002]   367.797554: sched_switch:         benchmark:4490 [120] R ==> fwupd:4471 [120]
           fwupd-4471  [002]   367.797563: sched_switch:         fwupd:4471 [120] D ==> benchmark:4490 [120]
       benchmark-4490  [002]   367.797604: sched_wakeup:         fwupd:4471 [120] CPU:002
       benchmark-4490  [002]   367.797609: sched_switch:         benchmark:4490 [120] R ==> fwupd:4471 [120]
           fwupd-4471  [002]   367.797618: sched_switch:         fwupd:4471 [120] D ==> benchmark:4490 [120]
       benchmark-4490  [002]   367.797698: sched_wakeup:         fwupd:4471 [120] CPU:002
       benchmark-4490  [002]   367.797703: sched_switch:         benchmark:4490 [120] R ==> fwupd:4471 [120]
           fwupd-4471  [002]   367.797711: sched_switch:         fwupd:4471 [120] D ==> benchmark:4490 [120]
       benchmark-4490  [002]   367.797872: sched_wakeup:         fwupd:4471 [120] CPU:002
       benchmark-4490  [002]   367.797879: sched_switch:         benchmark:4490 [120] R ==> fwupd:4471 [120]
           fwupd-4471  [002]   367.797888: sched_switch:         fwupd:4471 [120] D ==> benchmark:4490 [120]
              cp-4475  [001]   367.797922: sched_switch:         cp:4475 [120] D ==> snapd:1011 [120]
           snapd-1011  [001]   367.797963: sched_switch:         snapd:1011 [120] S ==> swapper/1:0 [120]
          <idle>-0     [001]   367.798027: sched_wakeup:         snapd:1011 [120] CPU:001
          <idle>-0     [001]   367.798035: sched_switch:         swapper/1:0 [120] R ==> snapd:1011 [120]
           snapd-1011  [001]   367.798046: sched_switch:         snapd:1011 [120] S ==> swapper/1:0 [120]
          <idle>-0     [001]   367.798116: sched_wakeup:         snapd:1011 [120] CPU:001
          <idle>-0     [001]   367.798121: sched_switch:         swapper/1:0 [120] R ==> snapd:1011 [120]
           snapd-1011  [001]   367.798132: sched_switch:         snapd:1011 [120] S ==> swapper/1:0 [120]
          <idle>-0     [001]   367.798202: sched_wakeup:         snapd:1011 [120] CPU:001
          <idle>-0     [001]   367.798208: sched_switch:         swapper/1:0 [120] R ==> snapd:1011 [120]
       benchmark-4490  [002]   367.798209: sched_wakeup:         fwupd:4471 [120] CPU:002
       benchmark-4490  [002]   367.798214: sched_switch:         benchmark:4490 [120] R ==> fwupd:4471 [120]
           snapd-1011  [001]   367.798228: sched_switch:         snapd:1011 [120] S ==> swapper/1:0 [120]
           fwupd-4471  [002]   367.798232: sched_switch:         fwupd:4471 [120] D ==> benchmark:4490 [120]
       benchmark-4490  [002]   367.798249: sched_wakeup:         fwupd:4471 [120] CPU:002
       benchmark-4490  [002]   367.798254: sched_switch:         benchmark:4490 [120] R ==> fwupd:4471 [120]
           fwupd-4471  [002]   367.798263: sched_switch:         fwupd:4471 [120] D ==> benchmark:4490 [120]
          <idle>-0     [001]   367.798289: sched_wakeup:         snapd:1011 [120] CPU:001
          <idle>-0     [001]   367.798294: sched_switch:         swapper/1:0 [120] R ==> snapd:1011 [120]
       benchmark-4490  [002]   367.798304: sched_wakeup:         fwupd:4471 [120] CPU:002
       benchmark-4490  [002]   367.798309: sched_switch:         benchmark:4490 [120] R ==> fwupd:4471 [120]
           snapd-1011  [001]   367.798315: sched_switch:         snapd:1011 [120] S ==> swapper/1:0 [120]
           fwupd-4471  [002]   367.798320: sched_switch:         fwupd:4471 [120] D ==> benchmark:4490 [120]
          <idle>-0     [001]   367.798376: sched_wakeup:         snapd:1011 [120] CPU:001
          <idle>-0     [001]   367.798381: sched_switch:         swapper/1:0 [120] R ==> snapd:1011 [120]
           snapd-1011  [001]   367.798396: sched_switch:         snapd:1011 [120] S ==> swapper/1:0 [120]
       benchmark-4490  [002]   367.798400: sched_wakeup:         fwupd:4471 [120] CPU:002
       benchmark-4490  [002]   367.798407: sched_switch:         benchmark:4490 [120] R ==> fwupd:4471 [120]
           fwupd-4471  [002]   367.798416: sched_switch:         fwupd:4471 [120] D ==> benchmark:4490 [120]
          <idle>-0     [001]   367.798463: sched_wakeup:         snapd:1011 [120] CPU:001
          <idle>-0     [001]   367.798468: sched_switch:         swapper/1:0 [120] R ==> snapd:1011 [120]
           snapd-1011  [001]   367.798483: sched_switch:         snapd:1011 [120] S ==> swapper/1:0 [120]
          <idle>-0     [001]   367.798549: sched_wakeup:         snapd:1011 [120] CPU:001
          <idle>-0     [001]   367.798554: sched_switch:         swapper/1:0 [120] R ==> snapd:1011 [120]
           snapd-1011  [001]   367.798566: sched_switch:         snapd:1011 [120] S ==> swapper/1:0 [120]
       benchmark-4490  [002]   367.798577: sched_wakeup:         fwupd:4471 [120] CPU:002
       benchmark-4490  [002]   367.798582: sched_switch:         benchmark:4490 [120] R ==> fwupd:4471 [120]
           fwupd-4471  [002]   367.798590: sched_switch:         fwupd:4471 [120] D ==> benchmark:4490 [120]
          <idle>-0     [001]   367.798636: sched_wakeup:         snapd:1011 [120] CPU:001
          <idle>-0     [001]   367.798641: sched_switch:         swapper/1:0 [120] R ==> snapd:1011 [120]
           snapd-1011  [001]   367.798658: sched_switch:         snapd:1011 [120] S ==> swapper/1:0 [120]
          <idle>-0     [001]   367.798723: sched_wakeup:         snapd:1011 [120] CPU:001
          <idle>-0     [001]   367.798728: sched_switch:         swapper/1:0 [120] R ==> snapd:1011 [120]
           snapd-1011  [001]   367.798739: sched_switch:         snapd:1011 [120] S ==> swapper/1:0 [120]
          <idle>-0     [001]   367.798783: sched_wakeup:         snapd:1011 [120] CPU:001
       benchmark-4490  [002]   367.798784: sched_wakeup:         fwupd:4471 [120] CPU:002
       benchmark-4490  [002]   367.798789: sched_switch:         benchmark:4490 [120] R ==> fwupd:4471 [120]
          <idle>-0     [001]   367.798796: sched_switch:         swapper/1:0 [120] R ==> snapd:1011 [120]
           fwupd-4471  [002]   367.798805: sched_switch:         fwupd:4471 [120] D ==> benchmark:4490 [120]
           snapd-1011  [001]   367.798813: sched_switch:         snapd:1011 [120] S ==> swapper/1:0 [120]
       benchmark-4490  [002]   367.798825: sched_wakeup:         fwupd:4471 [120] CPU:002
       benchmark-4490  [002]   367.798830: sched_switch:         benchmark:4490 [120] R ==> fwupd:4471 [120]
           fwupd-4471  [002]   367.798839: sched_switch:         fwupd:4471 [120] D ==> benchmark:4490 [120]
          <idle>-0     [001]   367.798878: sched_wakeup:         snapd:1011 [120] CPU:001
       benchmark-4490  [002]   367.798880: sched_wakeup:         fwupd:4471 [120] CPU:002
          <idle>-0     [001]   367.798884: sched_switch:         swapper/1:0 [120] R ==> snapd:1011 [120]
       benchmark-4490  [002]   367.798885: sched_switch:         benchmark:4490 [120] R ==> fwupd:4471 [120]
           fwupd-4471  [002]   367.798894: sched_switch:         fwupd:4471 [120] D ==> benchmark:4490 [120]
           snapd-1011  [001]   367.798899: sched_switch:         snapd:1011 [120] S ==> swapper/1:0 [120]
          <idle>-0     [001]   367.798966: sched_wakeup:         snapd:1011 [120] CPU:001
          <idle>-0     [001]   367.798970: sched_switch:         swapper/1:0 [120] R ==> snapd:1011 [120]
       benchmark-4490  [002]   367.798974: sched_wakeup:         fwupd:4471 [120] CPU:002
       benchmark-4490  [002]   367.798980: sched_switch:         benchmark:4490 [120] R ==> fwupd:4471 [120]
           fwupd-4471  [002]   367.798989: sched_switch:         fwupd:4471 [120] D ==> benchmark:4490 [120]
           snapd-1011  [001]   367.798994: sched_switch:         snapd:1011 [120] S ==> swapper/1:0 [120]
          <idle>-0     [001]   367.799052: sched_wakeup:         snapd:1011 [120] CPU:001
          <idle>-0     [001]   367.799057: sched_switch:         swapper/1:0 [120] R ==> snapd:1011 [120]
           snapd-1011  [001]   367.799072: sched_switch:         snapd:1011 [120] S ==> swapper/1:0 [120]
          <idle>-0     [001]   367.799139: sched_wakeup:         snapd:1011 [120] CPU:001
          <idle>-0     [001]   367.799144: sched_switch:         swapper/1:0 [120] R ==> snapd:1011 [120]
       benchmark-4490  [002]   367.799150: sched_wakeup:         fwupd:4471 [120] CPU:002
       benchmark-4490  [002]   367.799155: sched_switch:         benchmark:4490 [120] R ==> fwupd:4471 [120]
           snapd-1011  [001]   367.799161: sched_switch:         snapd:1011 [120] S ==> swapper/1:0 [120]
           fwupd-4471  [002]   367.799165: sched_switch:         fwupd:4471 [120] D ==> benchmark:4490 [120]
          <idle>-0     [001]   367.799227: sched_wakeup:         snapd:1011 [120] CPU:001
          <idle>-0     [001]   367.799232: sched_switch:         swapper/1:0 [120] R ==> snapd:1011 [120]
           snapd-1011  [001]   367.799247: sched_switch:         snapd:1011 [120] S ==> swapper/1:0 [120]
          <idle>-0     [001]   367.799314: sched_wakeup:         snapd:1011 [120] CPU:001
          <idle>-0     [001]   367.799319: sched_switch:         swapper/1:0 [120] R ==> snapd:1011 [120]
           snapd-1011  [001]   367.799330: sched_switch:         snapd:1011 [120] S ==> swapper/1:0 [120]
          <idle>-0     [001]   367.799400: sched_wakeup:         snapd:1011 [120] CPU:001
          <idle>-0     [001]   367.799405: sched_switch:         swapper/1:0 [120] R ==> snapd:1011 [120]
           snapd-1011  [001]   367.799416: sched_switch:         snapd:1011 [120] S ==> swapper/1:0 [120]
       benchmark-4490  [002]   367.799487: sched_wakeup:         fwupd:4471 [120] CPU:002
          <idle>-0     [001]   367.799487: sched_wakeup:         snapd:1011 [120] CPU:001
          <idle>-0     [001]   367.799492: sched_switch:         swapper/1:0 [120] R ==> snapd:1011 [120]
       benchmark-4490  [002]   367.799493: sched_switch:         benchmark:4490 [120] R ==> fwupd:4471 [120]
           snapd-1011  [001]   367.799509: sched_switch:         snapd:1011 [120] S ==> swapper/1:0 [120]
           fwupd-4471  [002]   367.799509: sched_switch:         fwupd:4471 [120] D ==> benchmark:4490 [120]
       benchmark-4490  [002]   367.799528: sched_wakeup:         fwupd:4471 [120] CPU:002
       benchmark-4490  [002]   367.799534: sched_switch:         benchmark:4490 [120] R ==> fwupd:4471 [120]
           fwupd-4471  [002]   367.799543: sched_switch:         fwupd:4471 [120] D ==> benchmark:4490 [120]
       benchmark-4490  [002]   367.799584: sched_wakeup:         fwupd:4471 [120] CPU:002
       benchmark-4490  [002]   367.799589: sched_switch:         benchmark:4490 [120] R ==> fwupd:4471 [120]
          <idle>-0     [001]   367.799594: sched_wakeup:         snapd:1011 [120] CPU:001
           fwupd-4471  [002]   367.799598: sched_switch:         fwupd:4471 [120] D ==> benchmark:4490 [120]
          <idle>-0     [001]   367.799599: sched_switch:         swapper/1:0 [120] R ==> snapd:1011 [120]
           snapd-1011  [001]   367.799617: sched_switch:         snapd:1011 [120] S ==> swapper/1:0 [120]
       benchmark-4490  [002]   367.799679: sched_wakeup:         fwupd:4471 [120] CPU:002
       benchmark-4490  [002]   367.799684: sched_switch:         benchmark:4490 [120] R ==> fwupd:4471 [120]
           fwupd-4471  [002]   367.799693: sched_switch:         fwupd:4471 [120] D ==> benchmark:4490 [120]
          <idle>-0     [001]   367.799727: sched_wakeup:         cp:4475 [120] CPU:001
          <idle>-0     [001]   367.799745: sched_wakeup:         snapd:1011 [120] CPU:001
          <idle>-0     [001]   367.799757: sched_switch:         swapper/1:0 [120] R ==> cp:4475 [120]
       benchmark-4490  [002]   367.799783: sched_wakeup:         fwupd:4471 [120] CPU:002
       benchmark-4490  [002]   367.799789: sched_switch:         benchmark:4490 [120] R ==> fwupd:4471 [120]
           fwupd-4471  [002]   367.799798: sched_switch:         fwupd:4471 [120] D ==> benchmark:4490 [120]
       benchmark-4490  [002]   367.800118: sched_wakeup:         fwupd:4471 [120] CPU:002
       benchmark-4490  [002]   367.800123: sched_switch:         benchmark:4490 [120] R ==> fwupd:4471 [120]
           fwupd-4471  [002]   367.800152: sched_switch:         fwupd:4471 [120] D ==> benchmark:4490 [120]
       benchmark-4490  [002]   367.800172: sched_wakeup:         fwupd:4471 [120] CPU:002
       benchmark-4490  [002]   367.800177: sched_switch:         benchmark:4490 [120] R ==> fwupd:4471 [120]
           fwupd-4471  [002]   367.800187: sched_switch:         fwupd:4471 [120] D ==> benchmark:4490 [120]
       benchmark-4490  [002]   367.800227: sched_wakeup:         fwupd:4471 [120] CPU:002
       benchmark-4490  [002]   367.800232: sched_switch:         benchmark:4490 [120] R ==> fwupd:4471 [120]
           fwupd-4471  [002]   367.800241: sched_switch:         fwupd:4471 [120] D ==> benchmark:4490 [120]
       benchmark-4490  [002]   367.800322: sched_wakeup:         fwupd:4471 [120] CPU:002
       benchmark-4490  [002]   367.800327: sched_switch:         benchmark:4490 [120] R ==> fwupd:4471 [120]
           fwupd-4471  [002]   367.800336: sched_switch:         fwupd:4471 [120] D ==> benchmark:4490 [120]
              cp-4475  [001]   367.800444: sched_switch:         cp:4475 [120] D ==> snapd:1011 [120]
           snapd-1011  [001]   367.800488: sched_switch:         snapd:1011 [120] S ==> swapper/1:0 [120]
       benchmark-4490  [002]   367.800498: sched_wakeup:         fwupd:4471 [120] CPU:002
       benchmark-4490  [002]   367.800505: sched_switch:         benchmark:4490 [120] R ==> fwupd:4471 [120]
           fwupd-4471  [002]   367.800514: sched_switch:         fwupd:4471 [120] D ==> benchmark:4490 [120]
          <idle>-0     [001]   367.800688: sched_wakeup:         snapd:1011 [120] CPU:001
          <idle>-0     [001]   367.800695: sched_switch:         swapper/1:0 [120] R ==> snapd:1011 [120]
           snapd-1011  [001]   367.800711: sched_switch:         snapd:1011 [120] S ==> swapper/1:0 [120]
       benchmark-4490  [002]   367.800784: sched_wakeup:         fwupd:4471 [120] CPU:002
       benchmark-4490  [002]   367.800790: sched_switch:         benchmark:4490 [120] R ==> fwupd:4471 [120]
           fwupd-4471  [002]   367.800806: sched_switch:         fwupd:4471 [120] D ==> benchmark:4490 [120]
       benchmark-4490  [002]   367.800826: sched_wakeup:         fwupd:4471 [120] CPU:002
       benchmark-4490  [002]   367.800831: sched_switch:         benchmark:4490 [120] R ==> fwupd:4471 [120]
           fwupd-4471  [002]   367.800841: sched_switch:         fwupd:4471 [120] D ==> benchmark:4490 [120]
       benchmark-4490  [002]   367.800881: sched_wakeup:         fwupd:4471 [120] CPU:002
       benchmark-4490  [002]   367.800886: sched_switch:         benchmark:4490 [120] R ==> fwupd:4471 [120]
           fwupd-4471  [002]   367.800895: sched_switch:         fwupd:4471 [120] D ==> benchmark:4490 [120]
       benchmark-4490  [002]   367.800975: sched_wakeup:         fwupd:4471 [120] CPU:002
       benchmark-4490  [002]   367.800980: sched_switch:         benchmark:4490 [120] R ==> fwupd:4471 [120]
           fwupd-4471  [002]   367.800989: sched_switch:         fwupd:4471 [120] D ==> benchmark:4490 [120]
          <idle>-0     [001]   367.801078: sched_wakeup:         snapd:1011 [120] CPU:001
          <idle>-0     [001]   367.801084: sched_switch:         swapper/1:0 [120] R ==> snapd:1011 [120]
           snapd-1011  [001]   367.801102: sched_switch:         snapd:1011 [120] S ==> swapper/1:0 [120]
       benchmark-4490  [002]   367.801150: sched_wakeup:         fwupd:4471 [120] CPU:002
       benchmark-4490  [002]   367.801155: sched_switch:         benchmark:4490 [120] R ==> fwupd:4471 [120]
           fwupd-4471  [002]   367.801164: sched_switch:         fwupd:4471 [120] D ==> benchmark:4490 [120]
       benchmark-4490  [002]   367.801484: sched_wakeup:         fwupd:4471 [120] CPU:002
       benchmark-4490  [002]   367.801490: sched_switch:         benchmark:4490 [120] R ==> fwupd:4471 [120]
           fwupd-4471  [002]   367.801503: sched_switch:         fwupd:4471 [120] D ==> benchmark:4490 [120]
       benchmark-4490  [002]   367.801525: sched_wakeup:         fwupd:4471 [120] CPU:002
       benchmark-4490  [002]   367.801531: sched_switch:         benchmark:4490 [120] R ==> fwupd:4471 [120]
           fwupd-4471  [002]   367.801540: sched_switch:         fwupd:4471 [120] D ==> benchmark:4490 [120]
       benchmark-4490  [002]   367.801580: sched_wakeup:         fwupd:4471 [120] CPU:002
       benchmark-4490  [002]   367.801585: sched_switch:         benchmark:4490 [120] R ==> fwupd:4471 [120]
           fwupd-4471  [002]   367.801594: sched_switch:         fwupd:4471 [120] D ==> benchmark:4490 [120]
       benchmark-4490  [002]   367.801675: sched_wakeup:         fwupd:4471 [120] CPU:002
       benchmark-4490  [002]   367.801680: sched_switch:         benchmark:4490 [120] R ==> fwupd:4471 [120]
           fwupd-4471  [002]   367.801689: sched_switch:         fwupd:4471 [120] D ==> benchmark:4490 [120]
          <idle>-0     [001]   367.801781: sched_wakeup:         snapd:1011 [120] CPU:001
       benchmark-4490  [002]   367.801783: sched_wakeup:         fwupd:4471 [120] CPU:002
          <idle>-0     [001]   367.801786: sched_switch:         swapper/1:0 [120] R ==> snapd:1011 [120]
       benchmark-4490  [002]   367.801789: sched_switch:         benchmark:4490 [120] R ==> fwupd:4471 [120]
           fwupd-4471  [002]   367.801797: sched_switch:         fwupd:4471 [120] D ==> benchmark:4490 [120]
           snapd-1011  [001]   367.801802: sched_switch:         snapd:1011 [120] S ==> swapper/1:0 [120]
          <idle>-0     [001]   367.801966: sched_wakeup:         cp:4475 [120] CPU:001
          <idle>-0     [001]   367.801986: sched_switch:         swapper/1:0 [120] R ==> cp:4475 [120]
       benchmark-4490  [002]   367.802118: sched_wakeup:         fwupd:4471 [120] CPU:002
       benchmark-4490  [002]   367.802124: sched_switch:         benchmark:4490 [120] R ==> fwupd:4471 [120]
           fwupd-4471  [002]   367.802139: sched_switch:         fwupd:4471 [120] D ==> benchmark:4490 [120]
       benchmark-4490  [002]   367.802159: sched_wakeup:         fwupd:4471 [120] CPU:002
       benchmark-4490  [002]   367.802164: sched_switch:         benchmark:4490 [120] R ==> fwupd:4471 [120]
           fwupd-4471  [002]   367.802173: sched_switch:         fwupd:4471 [120] D ==> benchmark:4490 [120]
       benchmark-4490  [002]   367.802214: sched_wakeup:         fwupd:4471 [120] CPU:002
       benchmark-4490  [002]   367.802219: sched_switch:         benchmark:4490 [120] R ==> fwupd:4471 [120]
           fwupd-4471  [002]   367.802228: sched_switch:         fwupd:4471 [120] D ==> benchmark:4490 [120]
       benchmark-4490  [002]   367.802308: sched_wakeup:         fwupd:4471 [120] CPU:002
       benchmark-4490  [002]   367.802314: sched_switch:         benchmark:4490 [120] R ==> fwupd:4471 [120]
           fwupd-4471  [002]   367.802322: sched_switch:         fwupd:4471 [120] D ==> benchmark:4490 [120]
       benchmark-4490  [002]   367.802483: sched_wakeup:         fwupd:4471 [120] CPU:002
       benchmark-4490  [002]   367.802488: sched_switch:         benchmark:4490 [120] R ==> fwupd:4471 [120]
           fwupd-4471  [002]   367.802497: sched_switch:         fwupd:4471 [120] D ==> benchmark:4490 [120]
       benchmark-4490  [002]   367.802787: sched_wakeup:         fwupd:4471 [120] CPU:002
       benchmark-4490  [002]   367.802792: sched_switch:         benchmark:4490 [120] R ==> fwupd:4471 [120]
           fwupd-4471  [002]   367.802808: sched_switch:         fwupd:4471 [120] D ==> benchmark:4490 [120]
       benchmark-4490  [002]   367.802827: sched_wakeup:         fwupd:4471 [120] CPU:002
       benchmark-4490  [002]   367.802833: sched_switch:         benchmark:4490 [120] R ==> fwupd:4471 [120]
           fwupd-4471  [002]   367.802842: sched_switch:         fwupd:4471 [120] D ==> benchmark:4490 [120]
       benchmark-4490  [002]   367.802882: sched_wakeup:         fwupd:4471 [120] CPU:002
       benchmark-4490  [002]   367.802887: sched_switch:         benchmark:4490 [120] R ==> fwupd:4471 [120]
           fwupd-4471  [002]   367.802896: sched_switch:         fwupd:4471 [120] D ==> benchmark:4490 [120]
       benchmark-4490  [002]   367.802976: sched_wakeup:         fwupd:4471 [120] CPU:002
       benchmark-4490  [002]   367.802982: sched_switch:         benchmark:4490 [120] R ==> fwupd:4471 [120]
           fwupd-4471  [002]   367.802993: sched_switch:         fwupd:4471 [120] D ==> benchmark:4490 [120]
              cp-4475  [001]   367.802998: sched_switch:         cp:4475 [120] D ==> swapper/1:0 [120]
          <idle>-0     [001]   367.803049: sched_wakeup:         cp:4475 [120] CPU:001
          <idle>-0     [001]   367.803063: sched_switch:         swapper/1:0 [120] R ==> cp:4475 [120]
           snapd-1296  [000]   367.803079: sched_switch:         snapd:1296 [120] D ==> swapper/0:0 [120]
          <idle>-0     [000]   367.803141: sched_wakeup:         snapd:1011 [120] CPU:000
          <idle>-0     [000]   367.803145: sched_switch:         swapper/0:0 [120] R ==> snapd:1011 [120]
       benchmark-4490  [002]   367.803152: sched_wakeup:         fwupd:4471 [120] CPU:002
       benchmark-4490  [002]   367.803158: sched_switch:         benchmark:4490 [120] R ==> fwupd:4471 [120]
           fwupd-4471  [002]   367.803166: sched_switch:         fwupd:4471 [120] D ==> benchmark:4490 [120]
           snapd-1011  [000]   367.803174: sched_switch:         snapd:1011 [120] S ==> swapper/0:0 [120]
              cp-4475  [001]   367.803444: sched_switch:         cp:4475 [120] D ==> swapper/1:0 [120]
       benchmark-4490  [002]   367.803448: sched_wakeup:         kworker/u8:1:58 [120] CPU:002
       benchmark-4490  [002]   367.803453: sched_switch:         benchmark:4490 [120] R ==> kworker/u8:1:58 [120]
    kworker/u8:1-58    [002]   367.803488: sched_wakeup:         fwupd:4471 [120] CPU:002
    kworker/u8:1-58    [002]   367.803498: sched_switch:         kworker/u8:1:58 [120] R ==> fwupd:4471 [120]
          <idle>-0     [001]   367.803510: sched_wakeup:         cp:4475 [120] CPU:001
          <idle>-0     [001]   367.803518: sched_switch:         swapper/1:0 [120] R ==> cp:4475 [120]
           fwupd-4471  [002]   367.803538: sched_switch:         fwupd:4471 [120] D ==> benchmark:4490 [120]
       benchmark-4490  [002]   367.803556: sched_wakeup:         fwupd:4471 [120] CPU:002
       benchmark-4490  [002]   367.803562: sched_switch:         benchmark:4490 [120] R ==> fwupd:4471 [120]
           fwupd-4471  [002]   367.803571: sched_switch:         fwupd:4471 [120] D ==> kworker/u8:1:58 [120]
    kworker/u8:1-58    [002]   367.803616: sched_wakeup:         fwupd:4471 [120] CPU:002
          <idle>-0     [000]   367.803618: sched_wakeup:         snapd:1296 [120] CPU:000
          <idle>-0     [000]   367.803621: sched_switch:         swapper/0:0 [120] R ==> snapd:1296 [120]
           snapd-1296  [000]   367.803630: sched_switch:         snapd:1296 [120] D ==> swapper/0:0 [120]
          <idle>-0     [000]   367.803646: sched_wakeup:         snapd:1296 [120] CPU:000
          <idle>-0     [000]   367.803651: sched_switch:         swapper/0:0 [120] R ==> snapd:1296 [120]
    kworker/u8:1-58    [002]   367.803668: sched_switch:         kworker/u8:1:58 [120] R ==> fwupd:4471 [120]
           snapd-1296  [000]   367.803677: sched_wakeup:         jbd2/sda8-8:236 [120] CPU:000
           fwupd-4471  [002]   367.803681: sched_switch:         fwupd:4471 [120] D ==> benchmark:4490 [120]
           snapd-1296  [000]   367.803688: sched_switch:         snapd:1296 [120] D ==> jbd2/sda8-8:236 [120]
       benchmark-4490  [002]   367.803759: sched_wakeup:         fwupd:4471 [120] CPU:002
       benchmark-4490  [002]   367.803765: sched_switch:         benchmark:4490 [120] R ==> fwupd:4471 [120]
           fwupd-4471  [002]   367.803773: sched_switch:         fwupd:4471 [120] D ==> kworker/u8:1:58 [120]
    kworker/u8:1-58    [002]   367.803789: sched_switch:         kworker/u8:1:58 [120] I ==> benchmark:4490 [120]
              cp-4475  [001]   367.803837: sched_switch:         cp:4475 [120] D ==> swapper/1:0 [120]
     jbd2/sda8-8-236   [000]   367.803928: sched_switch:         jbd2/sda8-8:236 [120] D ==> swapper/0:0 [120]
       benchmark-4490  [002]   367.803935: sched_wakeup:         fwupd:4471 [120] CPU:002
       benchmark-4490  [002]   367.803941: sched_switch:         benchmark:4490 [120] R ==> fwupd:4471 [120]
           fwupd-4471  [002]   367.803950: sched_switch:         fwupd:4471 [120] D ==> benchmark:4490 [120]
          <idle>-0     [001]   367.804228: sched_wakeup:         cp:4475 [120] CPU:001
          <idle>-0     [000]   367.804230: sched_wakeup:         jbd2/sda8-8:236 [120] CPU:000
          <idle>-0     [001]   367.804234: sched_switch:         swapper/1:0 [120] R ==> cp:4475 [120]
          <idle>-0     [000]   367.804246: sched_switch:         swapper/0:0 [120] R ==> jbd2/sda8-8:236 [120]
       benchmark-4490  [002]   367.804271: sched_wakeup:         fwupd:4471 [120] CPU:002
       benchmark-4490  [002]   367.804276: sched_switch:         benchmark:4490 [120] R ==> fwupd:4471 [120]
           fwupd-4471  [002]   367.804292: sched_switch:         fwupd:4471 [120] D ==> benchmark:4490 [120]
     jbd2/sda8-8-236   [000]   367.804303: sched_wakeup:         kworker/0:1H:126 [100] CPU:000
       benchmark-4490  [002]   367.804312: sched_wakeup:         fwupd:4471 [120] CPU:002
     jbd2/sda8-8-236   [000]   367.804313: sched_switch:         jbd2/sda8-8:236 [120] D ==> kworker/0:1H:126 [100]
       benchmark-4490  [002]   367.804317: sched_switch:         benchmark:4490 [120] R ==> fwupd:4471 [120]
           fwupd-4471  [002]   367.804326: sched_switch:         fwupd:4471 [120] D ==> benchmark:4490 [120]
    kworker/0:1H-126   [000]   367.804348: sched_switch:         kworker/0:1H:126 [100] I ==> swapper/0:0 [120]
       benchmark-4490  [002]   367.804367: sched_wakeup:         fwupd:4471 [120] CPU:002
       benchmark-4490  [002]   367.804372: sched_switch:         benchmark:4490 [120] R ==> fwupd:4471 [120]
           fwupd-4471  [002]   367.804381: sched_switch:         fwupd:4471 [120] D ==> benchmark:4490 [120]
              cp-4475  [001]   367.804410: sched_switch:         cp:4475 [120] D ==> swapper/1:0 [120]
       benchmark-4490  [002]   367.804462: sched_wakeup:         fwupd:4471 [120] CPU:002
       benchmark-4490  [002]   367.804467: sched_switch:         benchmark:4490 [120] R ==> fwupd:4471 [120]
           fwupd-4471  [002]   367.804476: sched_switch:         fwupd:4471 [120] D ==> benchmark:4490 [120]
       benchmark-4490  [002]   367.804636: sched_wakeup:         fwupd:4471 [120] CPU:002
       benchmark-4490  [002]   367.804642: sched_switch:         benchmark:4490 [120] R ==> fwupd:4471 [120]
           fwupd-4471  [002]   367.804653: sched_switch:         fwupd:4471 [120] D ==> benchmark:4490 [120]
       benchmark-4490  [002]   367.804972: sched_wakeup:         fwupd:4471 [120] CPU:002
       benchmark-4490  [002]   367.804977: sched_switch:         benchmark:4490 [120] R ==> fwupd:4471 [120]
           fwupd-4471  [002]   367.804992: sched_switch:         fwupd:4471 [120] D ==> benchmark:4490 [120]
       benchmark-4490  [002]   367.805012: sched_wakeup:         fwupd:4471 [120] CPU:002
       benchmark-4490  [002]   367.805018: sched_switch:         benchmark:4490 [120] R ==> fwupd:4471 [120]
           fwupd-4471  [002]   367.805027: sched_switch:         fwupd:4471 [120] D ==> benchmark:4490 [120]
       benchmark-4490  [002]   367.805067: sched_wakeup:         fwupd:4471 [120] CPU:002
       benchmark-4490  [002]   367.805072: sched_switch:         benchmark:4490 [120] R ==> fwupd:4471 [120]
           fwupd-4471  [002]   367.805081: sched_switch:         fwupd:4471 [120] D ==> benchmark:4490 [120]
       benchmark-4490  [002]   367.805162: sched_wakeup:         fwupd:4471 [120] CPU:002
       benchmark-4490  [002]   367.805167: sched_switch:         benchmark:4490 [120] R ==> fwupd:4471 [120]
           fwupd-4471  [002]   367.805176: sched_switch:         fwupd:4471 [120] D ==> benchmark:4490 [120]
       benchmark-4490  [002]   367.805336: sched_wakeup:         fwupd:4471 [120] CPU:002
       benchmark-4490  [002]   367.805342: sched_switch:         benchmark:4490 [120] R ==> fwupd:4471 [120]
           fwupd-4471  [002]   367.805351: sched_switch:         fwupd:4471 [120] D ==> benchmark:4490 [120]
       benchmark-4490  [002]   367.805671: sched_wakeup:         fwupd:4471 [120] CPU:002
       benchmark-4490  [002]   367.805677: sched_switch:         benchmark:4490 [120] R ==> fwupd:4471 [120]
           fwupd-4471  [002]   367.805692: sched_switch:         fwupd:4471 [120] D ==> benchmark:4490 [120]
       benchmark-4490  [002]   367.805713: sched_wakeup:         fwupd:4471 [120] CPU:002
       benchmark-4490  [002]   367.805719: sched_switch:         benchmark:4490 [120] R ==> fwupd:4471 [120]
           fwupd-4471  [002]   367.805729: sched_switch:         fwupd:4471 [120] D ==> benchmark:4490 [120]
       benchmark-4490  [002]   367.805769: sched_wakeup:         fwupd:4471 [120] CPU:002
       benchmark-4490  [002]   367.805775: sched_switch:         benchmark:4490 [120] R ==> fwupd:4471 [120]
          <idle>-0     [000]   367.805785: sched_wakeup:         snapd:1011 [120] CPU:000
           fwupd-4471  [002]   367.805791: sched_switch:         fwupd:4471 [120] D ==> benchmark:4490 [120]
          <idle>-0     [000]   367.805802: sched_switch:         swapper/0:0 [120] R ==> snapd:1011 [120]
           snapd-1011  [000]   367.805843: sched_switch:         snapd:1011 [120] S ==> swapper/0:0 [120]
       benchmark-4490  [002]   367.805871: sched_wakeup:         fwupd:4471 [120] CPU:002
       benchmark-4490  [002]   367.805876: sched_switch:         benchmark:4490 [120] R ==> fwupd:4471 [120]
           fwupd-4471  [002]   367.805886: sched_switch:         fwupd:4471 [120] D ==> benchmark:4490 [120]
       benchmark-4490  [002]   367.806046: sched_wakeup:         fwupd:4471 [120] CPU:002
       benchmark-4490  [002]   367.806051: sched_switch:         benchmark:4490 [120] R ==> fwupd:4471 [120]
           fwupd-4471  [002]   367.806060: sched_switch:         fwupd:4471 [120] D ==> benchmark:4490 [120]
       benchmark-4490  [002]   367.806380: sched_wakeup:         fwupd:4471 [120] CPU:002
       benchmark-4490  [002]   367.806386: sched_switch:         benchmark:4490 [120] R ==> fwupd:4471 [120]
           fwupd-4471  [002]   367.806400: sched_switch:         fwupd:4471 [120] D ==> benchmark:4490 [120]
       benchmark-4490  [002]   367.806420: sched_wakeup:         fwupd:4471 [120] CPU:002
       benchmark-4490  [002]   367.806426: sched_switch:         benchmark:4490 [120] R ==> fwupd:4471 [120]
           fwupd-4471  [002]   367.806435: sched_switch:         fwupd:4471 [120] D ==> benchmark:4490 [120]
       benchmark-4490  [002]   367.806475: sched_wakeup:         fwupd:4471 [120] CPU:002
       benchmark-4490  [002]   367.806480: sched_switch:         benchmark:4490 [120] R ==> fwupd:4471 [120]
           fwupd-4471  [002]   367.806489: sched_switch:         fwupd:4471 [120] D ==> benchmark:4490 [120]
       benchmark-4490  [002]   367.806570: sched_wakeup:         fwupd:4471 [120] CPU:002
       benchmark-4490  [002]   367.806575: sched_switch:         benchmark:4490 [120] R ==> fwupd:4471 [120]
           fwupd-4471  [002]   367.806584: sched_switch:         fwupd:4471 [120] D ==> benchmark:4490 [120]
       benchmark-4490  [002]   367.806744: sched_wakeup:         fwupd:4471 [120] CPU:002
       benchmark-4490  [002]   367.806750: sched_switch:         benchmark:4490 [120] R ==> fwupd:4471 [120]
           fwupd-4471  [002]   367.806761: sched_switch:         fwupd:4471 [120] D ==> benchmark:4490 [120]
       benchmark-4490  [002]   367.807079: sched_wakeup:         fwupd:4471 [120] CPU:002
       benchmark-4490  [002]   367.807085: sched_switch:         benchmark:4490 [120] R ==> fwupd:4471 [120]
           fwupd-4471  [002]   367.807118: sched_switch:         fwupd:4471 [120] D ==> benchmark:4490 [120]
       benchmark-4490  [002]   367.807137: sched_wakeup:         fwupd:4471 [120] CPU:002
       benchmark-4490  [002]   367.807143: sched_switch:         benchmark:4490 [120] R ==> fwupd:4471 [120]
           fwupd-4471  [002]   367.807152: sched_switch:         fwupd:4471 [120] D ==> benchmark:4490 [120]
       benchmark-4490  [002]   367.807192: sched_wakeup:         fwupd:4471 [120] CPU:002
       benchmark-4490  [002]   367.807198: sched_switch:         benchmark:4490 [120] R ==> fwupd:4471 [120]
           fwupd-4471  [002]   367.807207: sched_switch:         fwupd:4471 [120] D ==> benchmark:4490 [120]
       benchmark-4490  [002]   367.807287: sched_wakeup:         fwupd:4471 [120] CPU:002
       benchmark-4490  [002]   367.807292: sched_switch:         benchmark:4490 [120] R ==> fwupd:4471 [120]
           fwupd-4471  [002]   367.807301: sched_switch:         fwupd:4471 [120] D ==> benchmark:4490 [120]
       benchmark-4490  [002]   367.807461: sched_wakeup:         fwupd:4471 [120] CPU:002
       benchmark-4490  [002]   367.807467: sched_switch:         benchmark:4490 [120] R ==> fwupd:4471 [120]
           fwupd-4471  [002]   367.807476: sched_switch:         fwupd:4471 [120] D ==> benchmark:4490 [120]
       benchmark-4490  [002]   367.807783: sched_wakeup:         fwupd:4471 [120] CPU:002
       benchmark-4490  [002]   367.807789: sched_switch:         benchmark:4490 [120] R ==> fwupd:4471 [120]
          <idle>-0     [001]   367.807794: sched_wakeup:         kworker/1:1H:130 [100] CPU:001
          <idle>-0     [001]   367.807802: sched_switch:         swapper/1:0 [120] R ==> kworker/1:1H:130 [100]
           fwupd-4471  [002]   367.807806: sched_switch:         fwupd:4471 [120] D ==> benchmark:4490 [120]
       benchmark-4490  [002]   367.807824: sched_wakeup:         fwupd:4471 [120] CPU:002
       benchmark-4490  [002]   367.807830: sched_switch:         benchmark:4490 [120] R ==> fwupd:4471 [120]
    kworker/1:1H-130   [001]   367.807838: sched_switch:         kworker/1:1H:130 [100] I ==> swapper/1:0 [120]
           fwupd-4471  [002]   367.807840: sched_switch:         fwupd:4471 [120] D ==> benchmark:4490 [120]
       benchmark-4490  [002]   367.807879: sched_wakeup:         fwupd:4471 [120] CPU:002
       benchmark-4490  [002]   367.807885: sched_switch:         benchmark:4490 [120] R ==> fwupd:4471 [120]
           fwupd-4471  [002]   367.807894: sched_switch:         fwupd:4471 [120] D ==> benchmark:4490 [120]
       benchmark-4490  [002]   367.807974: sched_wakeup:         fwupd:4471 [120] CPU:002
       benchmark-4490  [002]   367.807980: sched_switch:         benchmark:4490 [120] R ==> fwupd:4471 [120]
           fwupd-4471  [002]   367.807989: sched_switch:         fwupd:4471 [120] D ==> benchmark:4490 [120]
       benchmark-4490  [002]   367.808149: sched_wakeup:         fwupd:4471 [120] CPU:002
       benchmark-4490  [002]   367.808155: sched_switch:         benchmark:4490 [120] R ==> fwupd:4471 [120]
           fwupd-4471  [002]   367.808164: sched_switch:         fwupd:4471 [120] D ==> benchmark:4490 [120]
       benchmark-4490  [002]   367.808484: sched_wakeup:         fwupd:4471 [120] CPU:002
       benchmark-4490  [002]   367.808489: sched_switch:         benchmark:4490 [120] R ==> fwupd:4471 [120]
           fwupd-4471  [002]   367.808504: sched_switch:         fwupd:4471 [120] D ==> benchmark:4490 [120]
       benchmark-4490  [002]   367.808524: sched_wakeup:         fwupd:4471 [120] CPU:002
       benchmark-4490  [002]   367.808530: sched_switch:         benchmark:4490 [120] R ==> fwupd:4471 [120]
           fwupd-4471  [002]   367.808539: sched_switch:         fwupd:4471 [120] D ==> benchmark:4490 [120]
       benchmark-4490  [002]   367.808579: sched_wakeup:         fwupd:4471 [120] CPU:002
       benchmark-4490  [002]   367.808584: sched_switch:         benchmark:4490 [120] R ==> fwupd:4471 [120]
           fwupd-4471  [002]   367.808594: sched_switch:         fwupd:4471 [120] D ==> benchmark:4490 [120]
       benchmark-4490  [002]   367.808674: sched_wakeup:         fwupd:4471 [120] CPU:002
       benchmark-4490  [002]   367.808679: sched_switch:         benchmark:4490 [120] R ==> fwupd:4471 [120]
           fwupd-4471  [002]   367.808688: sched_switch:         fwupd:4471 [120] D ==> benchmark:4490 [120]
       benchmark-4490  [002]   367.808783: sched_wakeup:         fwupd:4471 [120] CPU:002
       benchmark-4490  [002]   367.808789: sched_switch:         benchmark:4490 [120] R ==> fwupd:4471 [120]
           fwupd-4471  [002]   367.808799: sched_switch:         fwupd:4471 [120] D ==> benchmark:4490 [120]
       benchmark-4490  [002]   367.809120: sched_wakeup:         fwupd:4471 [120] CPU:002
       benchmark-4490  [002]   367.809127: sched_switch:         benchmark:4490 [120] R ==> fwupd:4471 [120]
           fwupd-4471  [002]   367.809141: sched_switch:         fwupd:4471 [120] D ==> benchmark:4490 [120]
       benchmark-4490  [002]   367.809161: sched_wakeup:         fwupd:4471 [120] CPU:002
       benchmark-4490  [002]   367.809167: sched_switch:         benchmark:4490 [120] R ==> fwupd:4471 [120]
           fwupd-4471  [002]   367.809176: sched_switch:         fwupd:4471 [120] D ==> benchmark:4490 [120]
       benchmark-4490  [002]   367.809216: sched_wakeup:         fwupd:4471 [120] CPU:002
       benchmark-4490  [002]   367.809221: sched_switch:         benchmark:4490 [120] R ==> fwupd:4471 [120]
           fwupd-4471  [002]   367.809230: sched_switch:         fwupd:4471 [120] D ==> benchmark:4490 [120]
       benchmark-4490  [002]   367.809310: sched_wakeup:         fwupd:4471 [120] CPU:002
       benchmark-4490  [002]   367.809315: sched_switch:         benchmark:4490 [120] R ==> fwupd:4471 [120]
           fwupd-4471  [002]   367.809324: sched_switch:         fwupd:4471 [120] D ==> benchmark:4490 [120]
       benchmark-4490  [002]   367.809485: sched_wakeup:         fwupd:4471 [120] CPU:002
       benchmark-4490  [002]   367.809490: sched_switch:         benchmark:4490 [120] R ==> fwupd:4471 [120]
           fwupd-4471  [002]   367.809499: sched_switch:         fwupd:4471 [120] D ==> benchmark:4490 [120]
       benchmark-4490  [002]   367.809783: sched_wakeup:         fwupd:4471 [120] CPU:002
       benchmark-4490  [002]   367.809789: sched_switch:         benchmark:4490 [120] R ==> fwupd:4471 [120]
           fwupd-4471  [002]   367.809803: sched_switch:         fwupd:4471 [120] D ==> benchmark:4490 [120]
       benchmark-4490  [002]   367.809823: sched_wakeup:         fwupd:4471 [120] CPU:002
       benchmark-4490  [002]   367.809828: sched_switch:         benchmark:4490 [120] R ==> fwupd:4471 [120]
           fwupd-4471  [002]   367.809838: sched_switch:         fwupd:4471 [120] D ==> benchmark:4490 [120]
       benchmark-4490  [002]   367.809878: sched_wakeup:         fwupd:4471 [120] CPU:002
       benchmark-4490  [002]   367.809883: sched_switch:         benchmark:4490 [120] R ==> fwupd:4471 [120]
           fwupd-4471  [002]   367.809892: sched_switch:         fwupd:4471 [120] D ==> benchmark:4490 [120]
       benchmark-4490  [002]   367.809973: sched_wakeup:         fwupd:4471 [120] CPU:002
       benchmark-4490  [002]   367.809979: sched_switch:         benchmark:4490 [120] R ==> fwupd:4471 [120]
           fwupd-4471  [002]   367.809989: sched_switch:         fwupd:4471 [120] D ==> benchmark:4490 [120]
       benchmark-4490  [002]   367.810149: sched_wakeup:         fwupd:4471 [120] CPU:002
       benchmark-4490  [002]   367.810154: sched_switch:         benchmark:4490 [120] R ==> fwupd:4471 [120]
           fwupd-4471  [002]   367.810163: sched_switch:         fwupd:4471 [120] D ==> benchmark:4490 [120]
       benchmark-4490  [002]   367.810484: sched_wakeup:         fwupd:4471 [120] CPU:002
       benchmark-4490  [002]   367.810489: sched_switch:         benchmark:4490 [120] R ==> fwupd:4471 [120]
          <idle>-0     [000]   367.810546: sched_switch:         swapper/0:0 [120] R ==> benchmark:4490 [120]
           fwupd-4471  [002]   367.810550: sched_switch:         fwupd:4471 [120] D ==> swapper/2:0 [120]
          <idle>-0     [002]   367.810558: sched_wakeup:         fwupd:4471 [120] CPU:002
          <idle>-0     [002]   367.810563: sched_switch:         swapper/2:0 [120] R ==> fwupd:4471 [120]
           fwupd-4471  [002]   367.810570: sched_switch:         fwupd:4471 [120] D ==> swapper/2:0 [120]
